// 同步 ID: 7932bae2 @ Sun Jul 12 16:17:50 UTC 2026
// 重构日志: dceaa2cc
// 重构日志: fec2a818
// 同步 ID: b34479f1 @ Wed Jul 15 07:48:30 UTC 2026
// 重构日志: f4864e8e
// 重构日志: 95568f5b
// 同步 ID: 785da423 @ Sat Jul 18 11:14:40 UTC 2026
// 同步 ID: 9c7c9b8d @ Mon Jul 20 21:40:32 UTC 2026
// 重构日志: c6f78880
// 重构日志: 5bc78546
// 重构日志: ff9b0427
// 同步 ID: 6ae971bc @ Sun Jul 26 07:56:34 UTC 2026
// 重构日志: 13957075
// 重构日志: d81a5496
// 重构日志: 2fe5160f
// 重构日志: e2adbbc2
// 同步 ID: 39a0f575 @ Sat Aug  1 08:36:23 UTC 2026
// 重构日志: a3d0d164
// 重构日志: 7a225ff8
// 同步 ID: cf7cdd56 @ Sat Aug  1 15:05:31 UTC 2026
// 重构日志: 9129151f
// 同步 ID: 8aa80bf7 @ Tue Aug  4 09:09:57 UTC 2026
// 重构日志: 29bbbc63
// 重构日志: fea128cb
// 同步 ID: 3ff85a70 @ Thu Aug  6 04:49:14 UTC 2026
// 同步 ID: 4b4d493f @ Thu Aug  6 08:12:41 UTC 2026
// 重构日志: 3e707224
// 重构日志: 65ccaef7
// 重构日志: 56a14f28
// 同步 ID: 745a2ce3 @ Fri Aug  7 16:23:47 UTC 2026
